MARY SMITH: 1
PATRICIA JOHNSON: 1
LINDA WILLIAMS: 1
BARBARA JONES: 1
ELIZABETH BROWN: 1
JENNIFER DAVIS: 1
MARIA MILLER: 1
SUSAN WILSON: 1
MARGARET MOORE: 1
DOROTHY TAYLOR: 1
LISA ANDERSON: 1
NANCY THOMAS: 1
KAREN JACKSON: 1
BETTY WHITE: 1
HELEN HARRIS: 1
SANDRA MARTIN: 1
DONNA THOMPSON: 1
CAROL GARCIA: 1
RUTH MARTINEZ: 1
SHARON ROBINSON: 1
MICHELLE CLARK: 1
LAURA RODRIGUEZ: 1
SARAH LEWIS: 1
KIMBERLY LEE: 1
DEBORAH WALKER: 1
JESSICA HALL: 1
SHIRLEY ALLEN: 1
CYNTHIA YOUNG: 1
ANGELA HERNANDEZ: 1
MELISSA KING: 1
BRENDA WRIGHT: 1
AMY LOPEZ: 1
ANNA HILL: 1
REBECCA SCOTT: 1
VIRGINIA GREEN: 1
KATHLEEN ADAMS: 1
PAMELA BAKER: 1
MARTHA GONZALEZ: 1
DEBRA NELSON: 1
AMANDA CARTER: 1
STEPHANIE MITCHELL: 1
CAROLYN PEREZ: 1
CHRISTINE ROBERTS: 1
MARIE TURNER: 1
JANET PHILLIPS: 1
CATHERINE CAMPBELL: 1
FRANCES PARKER: 1
ANN EVANS: 1
JOYCE EDWARDS: 1
DIANE COLLINS: 1
ALICE STEWART: 1
JULIE SANCHEZ: 1
HEATHER MORRIS: 1
TERESA ROGERS: 1
DORIS REED: 1
GLORIA COOK: 1
EVELYN MORGAN: 1
JEAN BELL: 1
CHERYL MURPHY: 1
MILDRED BAILEY: 1
KATHERINE RIVERA: 1
JOAN COOPER: 1
ASHLEY RICHARDSON: 1
JUDITH COX: 1
ROSE HOWARD: 1
JANICE WARD: 1
KELLY TORRES: 1
NICOLE PETERSON: 1
JUDY GRAY: 1
CHRISTINA RAMIREZ: 1
KATHY JAMES: 1
THERESA WATSON: 1
BEVERLY BROOKS: 1
DENISE KELLY: 1
TAMMY SANDERS: 1
IRENE PRICE: 1
JANE BENNETT: 1
LORI WOOD: 1
RACHEL BARNES: 1
MARILYN ROSS: 1
ANDREA HENDERSON: 1
KATHRYN COLEMAN: 1
LOUISE B JENKINS: 1
SARA A PERRY: 1
ANNE J POWELL: 1
JACQUELINE K LONG: 1
WANDA M PATTERSON: 1
BONNIE HUGHES: 1
JULIA FLORES: 1
RUBY WASHINGTON: 1
LOIS BUTLER: 1
TINA SIMMONS: 1
PHYLLIS FOSTER: 1
NORMA GONZALES: 1
PAULA BRYANT: 1
DIANA ALEXANDER: 1
ANNIE RUSSELL: 1
LILLIAN GRIFFIN: 1
EMILY DIAZ: 1
ROBIN HAYES: 1
